To honour the JVM settings for this build a single-use Daemon process will be forked. For more on this, please refer to https://docs.gradle.org/9.1.0/userguide/gradle_daemon.html#sec:disabling_the_daemon in the Gradle documentation.
Daemon JVM discovery is an incubating feature.
Daemon will be stopped at the end of the build 

> Configure project :shared
w: [33m[1mDefault Kotlin Hierarchy Template Not Applied Correctly[0m[0m
The Default Kotlin Hierarchy Template was not applied to 'project ':shared'':
Explicit .dependsOn() edges were configured for the following source sets:
[iosArm64Main, iosMain, iosSimulatorArm64Main]

Consider removing dependsOn-calls or disabling the default template by adding
    'kotlin.mpp.applyDefaultHierarchyTemplate=false'
to your gradle.properties
[32m[1mSolution:[0m[0m
[32m[3mPlease remove the dependsOn-calls or disable the default template.[0m[0m
[36mLearn more about hierarchy templates: [0m[34mhttps://kotl.in/hierarchy-template[0m[36m[0m

Configuration 'wasmJsNpmAggregated' was resolved during configuration time.
This is a build performance and scalability issue.
See https://github.com/gradle/gradle/issues/2298
Run with --info for a stacktrace.
Configuration 'wasmJsTestNpmAggregated' was resolved during configuration time.
This is a build performance and scalability issue.
See https://github.com/gradle/gradle/issues/2298
Run with --info for a stacktrace.

> Task :kotlinWasmKotlinNpmCachesSetup
> Task :kotlinWasmNodeJsSetup UP-TO-DATE
> Task :kotlinWasmRestoreYarnLock UP-TO-DATE
> Task :kotlinWasmYarnSetup UP-TO-DATE
> Task :shared:wasmJsPackageJson
> Task :shared:wasmJsTestPackageJson
> Task :webApp:wasmJsPackageJson
> Task :webApp:wasmJsTestPackageJson
> Task :shared:wasmJsPublicPackageJson
> Task :shared:wasmJsTestPublicPackageJson
> Task :webApp:wasmJsPublicPackageJson
> Task :webApp:wasmJsTestPublicPackageJson
> Task :kotlinWasmPackageJsonUmbrella
> Task :wasmRootPackageJson UP-TO-DATE
> Task :kotlinWasmNpmInstall UP-TO-DATE
> Task :kotlinWasmStoreYarnLock UP-TO-DATE
> Task :kotlinWasmToolingSetup UP-TO-DATE
> Task :shared:kmpPartiallyResolvedDependenciesChecker
> Task :shared:checkKotlinGradlePluginConfigurationErrors SKIPPED

> Task :shared:checkWasmJsMainComposeLibrariesCompatibility
w: Skiko dependencies' versions are incompatible.
    io.coil-kt.coil3:coil-core-wasm-js:3.1.0
    \--- org.jetbrains.skiko:skiko:0.8.18 -> 0.144.6

This may lead to compilation errors or unexpected behavior at runtime.
Such version mismatch might be caused by dependency constraints in one of the included libraries.
You can inspect resulted dependencies tree via `./gradlew :shared:dependencies  --configuration wasmJsRuntimeClasspath`.
See more details in Gradle documentation: https://docs.gradle.org/current/userguide/viewing_debugging_dependencies.html#sec:listing-dependencies

Note: Skiko is considered implementation detail in Compose Multiplatform and might be incompatible across versions.
Please align Skiko dependencies to the same version. If possible, avoid direct Skiko references and use Compose APIs instead.


> Task :shared:convertXmlValueResourcesForCommonMain NO-SOURCE
> Task :shared:copyNonXmlValueResourcesForCommonMain UP-TO-DATE
> Task :shared:prepareComposeResourcesTaskForCommonMain UP-TO-DATE
> Task :shared:generateResourceAccessorsForCommonMain UP-TO-DATE
> Task :shared:convertXmlValueResourcesForWasmJsMain NO-SOURCE
> Task :shared:copyNonXmlValueResourcesForWasmJsMain NO-SOURCE
> Task :shared:prepareComposeResourcesTaskForWasmJsMain NO-SOURCE
> Task :shared:generateResourceAccessorsForWasmJsMain NO-SOURCE
> Task :shared:generateActualResourceCollectorsForWasmJsMain UP-TO-DATE
> Task :shared:generateComposeResClass UP-TO-DATE
> Task :shared:generateExpectResourceCollectorsForCommonMain UP-TO-DATE
> Task :shared:compileKotlinWasmJs UP-TO-DATE
> Task :webApp:kmpPartiallyResolvedDependenciesChecker
> Task :webApp:checkKotlinGradlePluginConfigurationErrors SKIPPED

> Task :webApp:checkWasmJsMainComposeLibrariesCompatibility
w: Skiko dependencies' versions are incompatible.
    io.coil-kt.coil3:coil-core-wasm-js:3.1.0
    \--- org.jetbrains.skiko:skiko:0.8.18 -> 0.144.6

This may lead to compilation errors or unexpected behavior at runtime.
Such version mismatch might be caused by dependency constraints in one of the included libraries.
You can inspect resulted dependencies tree via `./gradlew :webApp:dependencies  --configuration wasmJsRuntimeClasspath`.
See more details in Gradle documentation: https://docs.gradle.org/current/userguide/viewing_debugging_dependencies.html#sec:listing-dependencies

Note: Skiko is considered implementation detail in Compose Multiplatform and might be incompatible across versions.
Please align Skiko dependencies to the same version. If possible, avoid direct Skiko references and use Compose APIs instead.


> Task :webApp:convertXmlValueResourcesForCommonMain NO-SOURCE
> Task :webApp:copyNonXmlValueResourcesForCommonMain NO-SOURCE
> Task :webApp:prepareComposeResourcesTaskForCommonMain NO-SOURCE
> Task :webApp:generateResourceAccessorsForCommonMain SKIPPED
> Task :webApp:convertXmlValueResourcesForWasmJsMain NO-SOURCE
> Task :webApp:copyNonXmlValueResourcesForWasmJsMain NO-SOURCE
> Task :webApp:prepareComposeResourcesTaskForWasmJsMain NO-SOURCE
> Task :webApp:generateResourceAccessorsForWasmJsMain SKIPPED
> Task :webApp:convertXmlValueResourcesForWebMain NO-SOURCE
> Task :webApp:copyNonXmlValueResourcesForWebMain NO-SOURCE
> Task :webApp:prepareComposeResourcesTaskForWebMain NO-SOURCE
> Task :webApp:generateResourceAccessorsForWebMain SKIPPED
> Task :webApp:generateActualResourceCollectorsForWasmJsMain SKIPPED
> Task :webApp:generateComposeResClass SKIPPED
> Task :webApp:generateExpectResourceCollectorsForCommonMain SKIPPED
> Task :webApp:compileKotlinWasmJs UP-TO-DATE
> Task :shared:assembleWasmJsMainResources UP-TO-DATE
> Task :shared:wasmJsCopyHierarchicalMultiplatformResources UP-TO-DATE
> Task :shared:wasmJsZipMultiplatformResourcesForPublication UP-TO-DATE
> Task :webApp:wasmJsResolveResourcesFromDependencies UP-TO-DATE
> Task :webApp:assembleWasmJsMainResources UP-TO-DATE
> Task :webApp:wasmJsResolveSelfResourcesCopyHierarchicalMultiplatformResources UP-TO-DATE
> Task :webApp:wasmJsAggregateResources UP-TO-DATE
> Task :webApp:wasmJsProcessResources UP-TO-DATE
> Task :webApp:wasmJsMainClasses UP-TO-DATE
> Task :webApp:unpackSkikoWasmRuntime UP-TO-DATE
> Task :webApp:processSkikoRuntimeForKWasm UP-TO-DATE
> Task :webApp:compileDevelopmentExecutableKotlinWasmJs
> Task :webApp:wasmJsDevelopmentExecutableCompileSync

> Task :webApp:wasmJsBrowserDevelopmentRun
<i> [webpack-dev-server] Project is running at:
<i> [webpack-dev-server] Loopback: http://localhost:8081/, http://[::1]:8081/
<i> [webpack-dev-server] On Your Network (IPv4): http://192.168.56.1:8081/
<i> [webpack-dev-server] Content not from webpack is served from 'C:\vibecoding\KuzeyKapisiApp\build\wasm\packages\KuzeyKapisiApp-webApp\kotlin, C:\vibecoding\KuzeyKapisiApp\webApp\build\processedResources\wasmJs\main, C:\vibecoding\KuzeyKapisiApp' directory
Critical dependency: the request of a dependency is an expression
asset b4fa8239d854d0f43934.wasm 26.2 MiB [emitted] [immutable] [from: kotlin/KuzeyKapisiApp-webApp.wasm] (auxiliary name: main)
asset 6e23e5428398b92da386.wasm 8.25 MiB [emitted] [immutable] [from: kotlin/skiko.wasm] (auxiliary name: main)
asset webApp.js 3.85 MiB [emitted] (name: main)
runtime modules 30.1 KiB 13 modules
javascript modules 1.44 MiB
  modules by path ../../ 506 KiB
    modules by path ../../../../../../Users/dkadi/.kotlin/kotlin-npm-tooling/yarn/e49be039833f93cd83...(truncated) 90.2 KiB 8 modules
    modules by path ../../../../../../Users/dkadi/.kotlin/kotlin-npm-tooling/yarn/e49be039833f93cd83...(truncated) 5.17 KiB 4 modules
    + 3 modules
  modules by path ./kotlin/ 969 KiB
    modules by path ./kotlin/*.mjs 964 KiB
      modules with warnings 461 KiB [true warnings] 2 modules
      + 2 modules
    ./kotlin/custom-formatters.js 5.06 KiB [built] [code generated]
    ./kotlin/ lazy strict namespace object 160 bytes [built] [code generated]
asset modules 34.4 MiB (asset) 84 bytes (javascript)
  ./kotlin/KuzeyKapisiApp-webApp.wasm 26.2 MiB (asset) 42 bytes (javascript) [built] [code generated]
  ./kotlin/skiko.wasm 8.25 MiB (asset) 42 bytes (javascript) [built] [code generated]
webpack 5.101.3 compiled with 1 warning in 3192 ms
