To honour the JVM settings for this build a single-use Daemon process will be forked. For more on this, please refer to https://docs.gradle.org/9.1.0/userguide/gradle_daemon.html#sec:disabling_the_daemon in the Gradle documentation.
Daemon JVM discovery is an incubating feature.
Daemon will be stopped at the end of the build 
Reusing configuration cache.
> Task :webApp:kmpPartiallyResolvedDependenciesChecker
> Task :shared:kmpPartiallyResolvedDependenciesChecker
> Task :kotlinWasmKotlinNpmCachesSetup

> Task :webApp:checkWasmJsMainComposeLibrariesCompatibility
w: Skiko dependencies' versions are incompatible.
    io.coil-kt.coil3:coil-core-wasm-js:3.1.0
    \--- org.jetbrains.skiko:skiko:0.8.18 -> 0.144.6

This may lead to compilation errors or unexpected behavior at runtime.
Such version mismatch might be caused by dependency constraints in one of the included libraries.
You can inspect resulted dependencies tree via `./gradlew :webApp:dependencies  --configuration wasmJsRuntimeClasspath`.
See more details in Gradle documentation: https://docs.gradle.org/current/userguide/viewing_debugging_dependencies.html#sec:listing-dependencies

Note: Skiko is considered implementation detail in Compose Multiplatform and might be incompatible across versions.
Please align Skiko dependencies to the same version. If possible, avoid direct Skiko references and use Compose APIs instead.


> Task :shared:checkWasmJsMainComposeLibrariesCompatibility
w: Skiko dependencies' versions are incompatible.
    io.coil-kt.coil3:coil-core-wasm-js:3.1.0
    \--- org.jetbrains.skiko:skiko:0.8.18 -> 0.144.6

This may lead to compilation errors or unexpected behavior at runtime.
Such version mismatch might be caused by dependency constraints in one of the included libraries.
You can inspect resulted dependencies tree via `./gradlew :shared:dependencies  --configuration wasmJsRuntimeClasspath`.
See more details in Gradle documentation: https://docs.gradle.org/current/userguide/viewing_debugging_dependencies.html#sec:listing-dependencies

Note: Skiko is considered implementation detail in Compose Multiplatform and might be incompatible across versions.
Please align Skiko dependencies to the same version. If possible, avoid direct Skiko references and use Compose APIs instead.


> Task :webApp:checkKotlinGradlePluginConfigurationErrors SKIPPED
> Task :shared:checkKotlinGradlePluginConfigurationErrors SKIPPED
> Task :webApp:generateComposeResClass SKIPPED
> Task :webApp:generateExpectResourceCollectorsForCommonMain SKIPPED
> Task :webApp:convertXmlValueResourcesForCommonMain NO-SOURCE
> Task :shared:copyNonXmlValueResourcesForWasmJsMain NO-SOURCE
> Task :webApp:copyNonXmlValueResourcesForCommonMain NO-SOURCE
> Task :shared:convertXmlValueResourcesForWasmJsMain NO-SOURCE
> Task :webApp:convertXmlValueResourcesForWasmJsMain NO-SOURCE
> Task :webApp:convertXmlValueResourcesForWebMain NO-SOURCE
> Task :shared:prepareComposeResourcesTaskForWasmJsMain NO-SOURCE
> Task :webApp:prepareComposeResourcesTaskForCommonMain NO-SOURCE
> Task :webApp:copyNonXmlValueResourcesForWasmJsMain NO-SOURCE
> Task :webApp:copyNonXmlValueResourcesForWebMain NO-SOURCE
> Task :webApp:generateResourceAccessorsForCommonMain SKIPPED
> Task :shared:generateResourceAccessorsForWasmJsMain NO-SOURCE
> Task :webApp:prepareComposeResourcesTaskForWasmJsMain NO-SOURCE
> Task :webApp:prepareComposeResourcesTaskForWebMain NO-SOURCE
> Task :webApp:generateResourceAccessorsForWasmJsMain SKIPPED
> Task :webApp:generateResourceAccessorsForWebMain SKIPPED
> Task :webApp:generateActualResourceCollectorsForWasmJsMain SKIPPED
> Task :shared:generateExpectResourceCollectorsForCommonMain UP-TO-DATE
> Task :shared:generateComposeResClass UP-TO-DATE
> Task :webApp:assembleWasmJsMainResources UP-TO-DATE
> Task :kotlinWasmRestoreYarnLock UP-TO-DATE
> Task :webApp:unpackSkikoWasmRuntime UP-TO-DATE
> Task :shared:copyNonXmlValueResourcesForCommonMain UP-TO-DATE
> Task :shared:convertXmlValueResourcesForCommonMain NO-SOURCE
> Task :webApp:processSkikoRuntimeForKWasm UP-TO-DATE
> Task :webApp:wasmJsResolveSelfResourcesCopyHierarchicalMultiplatformResources UP-TO-DATE
> Task :shared:prepareComposeResourcesTaskForCommonMain UP-TO-DATE
> Task :shared:generateResourceAccessorsForCommonMain UP-TO-DATE
> Task :shared:assembleWasmJsMainResources UP-TO-DATE
> Task :shared:generateActualResourceCollectorsForWasmJsMain UP-TO-DATE
> Task :shared:wasmJsCopyHierarchicalMultiplatformResources UP-TO-DATE
> Task :shared:wasmJsZipMultiplatformResourcesForPublication UP-TO-DATE
> Task :webApp:wasmJsResolveResourcesFromDependencies UP-TO-DATE
> Task :webApp:wasmJsAggregateResources UP-TO-DATE
> Task :webApp:wasmJsProcessResources UP-TO-DATE
> Task :shared:wasmJsPackageJson UP-TO-DATE
> Task :shared:wasmJsTestPackageJson UP-TO-DATE
> Task :webApp:wasmJsPackageJson UP-TO-DATE
> Task :webApp:wasmJsTestPackageJson UP-TO-DATE
> Task :shared:wasmJsPublicPackageJson UP-TO-DATE
> Task :webApp:wasmJsPublicPackageJson UP-TO-DATE
> Task :webApp:wasmJsTestPublicPackageJson UP-TO-DATE
> Task :shared:wasmJsTestPublicPackageJson UP-TO-DATE
> Task :kotlinWasmPackageJsonUmbrella UP-TO-DATE
> Task :wasmRootPackageJson UP-TO-DATE
> Task :kotlinWasmNodeJsSetup UP-TO-DATE
> Task :kotlinWasmYarnSetup UP-TO-DATE
> Task :kotlinWasmNpmInstall UP-TO-DATE
> Task :kotlinWasmStoreYarnLock UP-TO-DATE
> Task :kotlinWasmToolingSetup UP-TO-DATE
> Task :shared:compileKotlinWasmJs
> Task :webApp:compileKotlinWasmJs
> Task :webApp:wasmJsMainClasses
> Task :webApp:compileDevelopmentExecutableKotlinWasmJs
e: java.io.FileNotFoundException: C:\vibecoding\KuzeyKapisiApp\webApp\build\klib\cache\wasm-js\developmentExecutable\version.3jx5a5qa40ay\ui-wasm-js-1.11.1.klib.b290penjswtg\OnGloballyPositionedModifier.kt.0.5725uekzwg3r.ast.bin (Sistem belirtilen dosyayý bulamýyor)
	at java.base/java.io.FileInputStream.open0(Native Method)
	at java.base/java.io.FileInputStream.open(FileInputStream.java:213)
	at java.base/java.io.FileInputStream.<init>(FileInputStream.java:152)
	at org.jetbrains.kotlin.backend.wasm.ic.WasmSrcFileArtifact.loadIrFragments(WasmModuleArtifact.kt:99)
	at org.jetbrains.kotlin.cli.pipeline.web.wasm.KotlinIr2WasmIrCompilerICKt.compileIncrementallyWholeWorld(KotlinIr2WasmIrCompilerIC.kt:341)
	at org.jetbrains.kotlin.cli.pipeline.web.wasm.WasmBackendPipelinePhase$compileIncrementally$fragmentCompiler$3.invoke(WasmBackendPipelinePhase.kt:60)
	at org.jetbrains.kotlin.cli.pipeline.web.wasm.WasmBackendPipelinePhase$compileIncrementally$fragmentCompiler$3.invoke(WasmBackendPipelinePhase.kt:60)
	at org.jetbrains.kotlin.cli.pipeline.web.wasm.WasmBackendPipelinePhase.compileIncrementally(WasmBackendPipelinePhase.kt:62)
	at org.jetbrains.kotlin.cli.pipeline.web.wasm.WasmBackendPipelinePhase.compileIncrementally(WasmBackendPipelinePhase.kt:31)
	at org.jetbrains.kotlin.cli.pipeline.web.WebBackendPipelinePhase.compileToBackendIrIncrementally(WebBackendPipelinePhase.kt:116)
	at org.jetbrains.kotlin.cli.pipeline.web.WebBackendPipelinePhase.executePhase(WebBackendPipelinePhase.kt:56)
	at org.jetbrains.kotlin.cli.pipeline.web.WebBackendPipelinePhase.executePhase(WebBackendPipelinePhase.kt:36)
	at org.jetbrains.kotlin.cli.pipeline.PipelinePhase.phaseBody(PipelinePhase.kt:63)
	at org.jetbrains.kotlin.cli.pipeline.PipelinePhase.phaseBody(PipelinePhase.kt:53)
	at org.jetbrains.kotlin.config.phaser.NamedCompilerPhase.invoke(CompilerPhase.kt:102)
	at org.jetbrains.kotlin.backend.common.phaser.CompositePhase.invoke(PhaseBuilders.kt:22)
	at org.jetbrains.kotlin.config.phaser.CompilerPhaseKt.invokeToplevel(CompilerPhase.kt:53)
	at org.jetbrains.kotlin.cli.pipeline.AbstractCliPipeline.runPhasedPipeline(AbstractCliPipeline.kt:135)
	at org.jetbrains.kotlin.cli.pipeline.AbstractCliPipeline.executeAndReturnPipeLineArtifact(AbstractCliPipeline.kt:89)
	at org.jetbrains.kotlin.cli.pipeline.AbstractCliPipeline.executeAndReturnPipeLineArtifact$default(AbstractCliPipeline.kt:49)
	at org.jetbrains.kotlin.cli.pipeline.AbstractCliPipeline.execute(AbstractCliPipeline.kt:40)
	at org.jetbrains.kotlin.cli.js.KotlinWasmCompiler.doExecutePhased(KotlinWasmCompiler.kt:40)
	at org.jetbrains.kotlin.cli.js.KotlinWasmCompiler.doExecutePhased(KotlinWasmCompiler.kt:18)
	at org.jetbrains.kotlin.cli.common.CLICompiler.execImpl(CLICompiler.kt:94)
	at org.jetbrains.kotlin.cli.common.CLICompiler.exec(CLICompiler.kt:366)
	at org.jetbrains.kotlin.daemon.CompileServiceImpl.compile(CompileServiceImpl.kt:1918)
	at org.jetbrains.kotlin.daemon.CompileServiceImpl.compile(CompileServiceImpl.kt:924)
	at java.base/jdk.internal.reflect.DirectMethodHandleAccessor.invoke(DirectMethodHandleAccessor.java:103)
	at java.base/java.lang.reflect.Method.invoke(Method.java:580)
	at java.rmi/sun.rmi.server.UnicastServerRef.dispatch(UnicastServerRef.java:360)
	at java.rmi/sun.rmi.transport.Transport$1.run(Transport.java:200)
	at java.rmi/sun.rmi.transport.Transport$1.run(Transport.java:197)
	at java.base/java.security.AccessController.doPrivileged(AccessController.java:714)
	at java.rmi/sun.rmi.transport.Transport.serviceCall(Transport.java:196)
	at java.rmi/sun.rmi.transport.tcp.TCPTransport.handleMessages(TCPTransport.java:598)
	at java.rmi/sun.rmi.transport.tcp.TCPTransport$ConnectionHandler.run0(TCPTransport.java:844)
	at java.rmi/sun.rmi.transport.tcp.TCPTransport$ConnectionHandler.lambda$run$0(TCPTransport.java:721)
	at java.base/java.security.AccessController.doPrivileged(AccessController.java:400)
	at java.rmi/sun.rmi.transport.tcp.TCPTransport$ConnectionHandler.run(TCPTransport.java:720)
	at java.base/java.util.concurrent.ThreadPoolExecutor.runWorker(ThreadPoolExecutor.java:1144)
	at java.base/java.util.concurrent.ThreadPoolExecutor$Worker.run(ThreadPoolExecutor.java:642)
	at java.base/java.lang.Thread.run(Thread.java:1583)


> Task :webApp:compileDevelopmentExecutableKotlinWasmJs FAILED
w: Detected multiple Kotlin daemon sessions at 

FAILURE: Build failed with an exception.

* What went wrong:
Execution failed for task ':webApp:compileDevelopmentExecutableKotlinWasmJs'.
> A failure occurred while executing org.jetbrains.kotlin.compilerRunner.GradleCompilerRunnerWithWorkers$GradleKotlinCompilerWorkAction
   > Internal compiler error. See log for more details

* Try:
> Run with --stacktrace option to get the stack trace.
> Run with --info or --debug option to get more log output.
> Run with --scan to generate a Build Scan (Powered by Develocity).
> Get more help at https://help.gradle.org.

BUILD FAILED in 1m 14s
39 actionable tasks: 8 executed, 31 up-to-date
Configuration cache entry reused.
