Reusing configuration cache.
> Task :webApp:convertXmlValueResourcesForCommonMain NO-SOURCE
> Task :shared:kmpPartiallyResolvedDependenciesChecker
> Task :shared:convertXmlValueResourcesForWasmJsMain NO-SOURCE
> Task :webApp:kmpPartiallyResolvedDependenciesChecker
> Task :webApp:checkKotlinGradlePluginConfigurationErrors SKIPPED
> Task :shared:checkKotlinGradlePluginConfigurationErrors SKIPPED
> Task :shared:convertXmlValueResourcesForCommonMain NO-SOURCE
> Task :shared:copyNonXmlValueResourcesForWasmJsMain NO-SOURCE
> Task :shared:generateExpectResourceCollectorsForCommonMain UP-TO-DATE
> Task :shared:generateComposeResClass UP-TO-DATE
> Task :kotlinWasmRestoreYarnLock UP-TO-DATE
> Task :kotlinWasmKotlinNpmCachesSetup

> Task :shared:checkWasmJsMainComposeLibrariesCompatibility
w: Skiko dependencies' versions are incompatible.
    io.coil-kt.coil3:coil-core-wasm-js:3.1.0
    \--- org.jetbrains.skiko:skiko:0.8.18 -> 0.144.6

This may lead to compilation errors or unexpected behavior at runtime.
Such version mismatch might be caused by dependency constraints in one of the included libraries.
You can inspect resulted dependencies tree via `./gradlew :shared:dependencies  --configuration wasmJsRuntimeClasspath`.
See more details in Gradle documentation: https://docs.gradle.org/current/userguide/viewing_debugging_dependencies.html#sec:listing-dependencies

Note: Skiko is considered implementation detail in Compose Multiplatform and might be incompatible across versions.
Please align Skiko dependencies to the same version. If possible, avoid direct Skiko references and use Compose APIs instead.


> Task :webApp:convertXmlValueResourcesForWasmJsMain NO-SOURCE

> Task :webApp:checkWasmJsMainComposeLibrariesCompatibility
w: Skiko dependencies' versions are incompatible.
    io.coil-kt.coil3:coil-core-wasm-js:3.1.0
    \--- org.jetbrains.skiko:skiko:0.8.18 -> 0.144.6

This may lead to compilation errors or unexpected behavior at runtime.
Such version mismatch might be caused by dependency constraints in one of the included libraries.
You can inspect resulted dependencies tree via `./gradlew :webApp:dependencies  --configuration wasmJsRuntimeClasspath`.
See more details in Gradle documentation: https://docs.gradle.org/current/userguide/viewing_debugging_dependencies.html#sec:listing-dependencies

Note: Skiko is considered implementation detail in Compose Multiplatform and might be incompatible across versions.
Please align Skiko dependencies to the same version. If possible, avoid direct Skiko references and use Compose APIs instead.


> Task :webApp:copyNonXmlValueResourcesForCommonMain NO-SOURCE
> Task :webApp:generateExpectResourceCollectorsForCommonMain SKIPPED
> Task :webApp:generateComposeResClass SKIPPED
> Task :webApp:convertXmlValueResourcesForWebMain NO-SOURCE
> Task :webApp:copyNonXmlValueResourcesForWasmJsMain NO-SOURCE
> Task :webApp:copyNonXmlValueResourcesForWebMain NO-SOURCE
> Task :shared:prepareComposeResourcesTaskForWasmJsMain NO-SOURCE
> Task :shared:generateResourceAccessorsForWasmJsMain NO-SOURCE
> Task :webApp:prepareComposeResourcesTaskForWasmJsMain NO-SOURCE
> Task :webApp:generateResourceAccessorsForWasmJsMain SKIPPED
> Task :webApp:unpackSkikoWasmRuntime UP-TO-DATE
> Task :shared:wasmJsPackageJson UP-TO-DATE
> Task :shared:copyNonXmlValueResourcesForCommonMain UP-TO-DATE
> Task :webApp:prepareComposeResourcesTaskForWebMain NO-SOURCE
> Task :webApp:prepareComposeResourcesTaskForCommonMain NO-SOURCE
> Task :webApp:processSkikoRuntimeForKWasm UP-TO-DATE
> Task :webApp:generateResourceAccessorsForWebMain SKIPPED
> Task :webApp:wasmJsPackageJson UP-TO-DATE
> Task :webApp:generateResourceAccessorsForCommonMain SKIPPED
> Task :webApp:generateActualResourceCollectorsForWasmJsMain SKIPPED
> Task :webApp:assembleWasmJsMainResources UP-TO-DATE
> Task :shared:prepareComposeResourcesTaskForCommonMain UP-TO-DATE
> Task :webApp:wasmJsResolveSelfResourcesCopyHierarchicalMultiplatformResources UP-TO-DATE
> Task :shared:wasmJsTestPackageJson UP-TO-DATE
> Task :webApp:wasmJsTestPackageJson UP-TO-DATE
> Task :shared:generateResourceAccessorsForCommonMain UP-TO-DATE
> Task :shared:assembleWasmJsMainResources UP-TO-DATE
> Task :shared:generateActualResourceCollectorsForWasmJsMain UP-TO-DATE
> Task :shared:wasmJsCopyHierarchicalMultiplatformResources UP-TO-DATE
> Task :shared:wasmJsZipMultiplatformResourcesForPublication UP-TO-DATE
> Task :webApp:wasmJsResolveResourcesFromDependencies UP-TO-DATE
> Task :webApp:wasmJsAggregateResources UP-TO-DATE
> Task :webApp:wasmJsProcessResources UP-TO-DATE
> Task :shared:wasmJsPublicPackageJson UP-TO-DATE
> Task :shared:compileKotlinWasmJs UP-TO-DATE
> Task :shared:wasmJsTestPublicPackageJson UP-TO-DATE
> Task :webApp:wasmJsPublicPackageJson UP-TO-DATE
> Task :webApp:wasmJsTestPublicPackageJson UP-TO-DATE
> Task :kotlinWasmPackageJsonUmbrella UP-TO-DATE
> Task :wasmRootPackageJson UP-TO-DATE
> Task :kotlinWasmNodeJsSetup UP-TO-DATE
> Task :kotlinWasmYarnSetup UP-TO-DATE
> Task :kotlinWasmNpmInstall UP-TO-DATE
> Task :kotlinWasmStoreYarnLock UP-TO-DATE
> Task :kotlinWasmToolingSetup UP-TO-DATE
> Task :webApp:compileKotlinWasmJs
> Task :webApp:wasmJsMainClasses
> Task :webApp:compileDevelopmentExecutableKotlinWasmJs
> Task :webApp:wasmJsDevelopmentExecutableCompileSync

> Task :webApp:wasmJsBrowserDevelopmentRun
<i> [webpack-dev-server] Project is running at:
<i> [webpack-dev-server] Loopback: http://localhost:8080/, http://[::1]:8080/
<i> [webpack-dev-server] On Your Network (IPv4): http://192.168.56.1:8080/
<i> [webpack-dev-server] Content not from webpack is served from 'C:\vibecoding\KuzeyKapisiApp\build\wasm\packages\KuzeyKapisiApp-webApp\kotlin, C:\vibecoding\KuzeyKapisiApp\webApp\build\processedResources\wasmJs\main, C:\vibecoding\KuzeyKapisiApp' directory
Critical dependency: the request of a dependency is an expression
asset e7d40c99e7539be6a107.wasm 26.2 MiB [emitted] [immutable] [from: kotlin/KuzeyKapisiApp-webApp.wasm] (auxiliary name: main)
asset 6e23e5428398b92da386.wasm 8.25 MiB [emitted] [immutable] [from: kotlin/skiko.wasm] (auxiliary name: main)
asset webApp.js 3.85 MiB [emitted] (name: main)
runtime modules 30.1 KiB 13 modules
javascript modules 1.44 MiB
  modules by path ../../ 506 KiB
    modules by path ../../../../../../Users/dkadi/.kotlin/kotlin-npm-tooling/yarn/e49be039833f93cd83...(truncated) 90.2 KiB 8 modules
    modules by path ../../../../../../Users/dkadi/.kotlin/kotlin-npm-tooling/yarn/e49be039833f93cd83...(truncated) 5.17 KiB 4 modules
    + 3 modules
  modules by path ./kotlin/ 969 KiB
    modules by path ./kotlin/*.mjs 964 KiB
      modules with warnings 461 KiB [true warnings] 2 modules
      + 2 modules
    ./kotlin/custom-formatters.js 5.06 KiB [built] [code generated]
    ./kotlin/ lazy strict namespace object 160 bytes [built] [code generated]
asset modules 34.4 MiB (asset) 84 bytes (javascript)
  ./kotlin/KuzeyKapisiApp-webApp.wasm 26.2 MiB (asset) 42 bytes (javascript) [built] [code generated]
  ./kotlin/skiko.wasm 8.25 MiB (asset) 42 bytes (javascript) [built] [code generated]
webpack 5.101.3 compiled with 1 warning in 1792 ms

> Task :webApp:wasmJsBrowserDevelopmentRun FAILED

FAILURE: Build failed with an exception.

* What went wrong:
Execution failed for task ':webApp:wasmJsBrowserDevelopmentRun'.
> asset e7d40c99e7539be6a107.wasm 26.2 MiB [emitted] [immutable] [from: kotlin/KuzeyKapisiApp-webApp.wasm] (auxiliary name: main)
  asset 6e23e5428398b92da386.wasm 8.25 MiB [emitted] [immutable] [from: kotlin/skiko.wasm] (auxiliary name: main)
  asset webApp.js 3.85 MiB [emitted] (name: main)
  runtime modules 30.1 KiB 13 modules
  javascript modules 1.44 MiB
    modules by path ../../ 506 KiB
      modules by path ../../../../../../Users/dkadi/.kotlin/kotlin-npm-tooling/yarn/e49be039833f93cd83...(truncated) 90.2 KiB 8 modules
      modules by path ../../../../../../Users/dkadi/.kotlin/kotlin-npm-tooling/yarn/e49be039833f93cd83...(truncated) 5.17 KiB 4 modules
      + 3 modules
    modules by path ./kotlin/ 969 KiB
      modules by path ./kotlin/*.mjs 964 KiB
        modules with warnings 461 KiB [true warnings] 2 modules
        + 2 modules
      ./kotlin/custom-formatters.js 5.06 KiB [built] [code generated]
      ./kotlin/ lazy strict namespace object 160 bytes [built] [code generated]
  asset modules 34.4 MiB (asset) 84 bytes (javascript)
    ./kotlin/KuzeyKapisiApp-webApp.wasm 26.2 MiB (asset) 42 bytes (javascript) [built] [code generated]
    ./kotlin/skiko.wasm 8.25 MiB (asset) 42 bytes (javascript) [built] [code generated]

* Try:
> Run with --stacktrace option to get the stack trace.
> Run with --info or --debug option to get more log output.
> Run with --scan to generate a Build Scan (Powered by Develocity).
> Get more help at https://help.gradle.org.

BUILD FAILED in 1m 44s
41 actionable tasks: 9 executed, 32 up-to-date
Configuration cache entry reused.
