Reusing configuration cache.
> Task :webApp:kmpPartiallyResolvedDependenciesChecker
> Task :shared:convertXmlValueResourcesForWasmJsMain NO-SOURCE
> Task :shared:generateExpectResourceCollectorsForCommonMain UP-TO-DATE
> Task :shared:generateComposeResClass UP-TO-DATE
> Task :shared:kmpPartiallyResolvedDependenciesChecker
> Task :webApp:checkKotlinGradlePluginConfigurationErrors SKIPPED
> Task :shared:checkKotlinGradlePluginConfigurationErrors SKIPPED
> Task :shared:copyNonXmlValueResourcesForWasmJsMain NO-SOURCE

> Task :webApp:checkWasmJsMainComposeLibrariesCompatibility
w: Skiko dependencies' versions are incompatible.
    io.coil-kt.coil3:coil-core-wasm-js:3.1.0
    \--- org.jetbrains.skiko:skiko:0.8.18 -> 0.144.6

This may lead to compilation errors or unexpected behavior at runtime.
Such version mismatch might be caused by dependency constraints in one of the included libraries.
You can inspect resulted dependencies tree via `./gradlew :webApp:dependencies  --configuration wasmJsRuntimeClasspath`.
See more details in Gradle documentation: https://docs.gradle.org/current/userguide/viewing_debugging_dependencies.html#sec:listing-dependencies

Note: Skiko is considered implementation detail in Compose Multiplatform and might be incompatible across versions.
Please align Skiko dependencies to the same version. If possible, avoid direct Skiko references and use Compose APIs instead.


> Task :shared:copyNonXmlValueResourcesForCommonMain UP-TO-DATE

> Task :shared:checkWasmJsMainComposeLibrariesCompatibility
w: Skiko dependencies' versions are incompatible.
    io.coil-kt.coil3:coil-core-wasm-js:3.1.0
    \--- org.jetbrains.skiko:skiko:0.8.18 -> 0.144.6

This may lead to compilation errors or unexpected behavior at runtime.
Such version mismatch might be caused by dependency constraints in one of the included libraries.
You can inspect resulted dependencies tree via `./gradlew :shared:dependencies  --configuration wasmJsRuntimeClasspath`.
See more details in Gradle documentation: https://docs.gradle.org/current/userguide/viewing_debugging_dependencies.html#sec:listing-dependencies

Note: Skiko is considered implementation detail in Compose Multiplatform and might be incompatible across versions.
Please align Skiko dependencies to the same version. If possible, avoid direct Skiko references and use Compose APIs instead.


> Task :webApp:generateComposeResClass SKIPPED
> Task :webApp:generateExpectResourceCollectorsForCommonMain SKIPPED
> Task :shared:convertXmlValueResourcesForCommonMain NO-SOURCE
> Task :shared:prepareComposeResourcesTaskForWasmJsMain NO-SOURCE
> Task :shared:generateResourceAccessorsForWasmJsMain NO-SOURCE
> Task :shared:prepareComposeResourcesTaskForCommonMain UP-TO-DATE
> Task :shared:generateResourceAccessorsForCommonMain UP-TO-DATE
> Task :kotlinWasmKotlinNpmCachesSetup
> Task :shared:generateActualResourceCollectorsForWasmJsMain UP-TO-DATE
> Task :webApp:convertXmlValueResourcesForWebMain NO-SOURCE
> Task :webApp:convertXmlValueResourcesForWasmJsMain NO-SOURCE
> Task :webApp:convertXmlValueResourcesForCommonMain NO-SOURCE
> Task :webApp:copyNonXmlValueResourcesForWebMain NO-SOURCE
> Task :webApp:copyNonXmlValueResourcesForCommonMain NO-SOURCE
> Task :webApp:copyNonXmlValueResourcesForWasmJsMain NO-SOURCE
> Task :webApp:prepareComposeResourcesTaskForWebMain NO-SOURCE
> Task :webApp:generateResourceAccessorsForWebMain SKIPPED
> Task :webApp:prepareComposeResourcesTaskForWasmJsMain NO-SOURCE
> Task :webApp:prepareComposeResourcesTaskForCommonMain NO-SOURCE
> Task :webApp:generateResourceAccessorsForCommonMain SKIPPED
> Task :webApp:generateResourceAccessorsForWasmJsMain SKIPPED
> Task :webApp:generateActualResourceCollectorsForWasmJsMain SKIPPED
> Task :webApp:assembleWasmJsMainResources UP-TO-DATE
> Task :shared:compileKotlinWasmJs UP-TO-DATE
> Task :webApp:wasmJsResolveSelfResourcesCopyHierarchicalMultiplatformResources UP-TO-DATE
> Task :kotlinWasmRestoreYarnLock UP-TO-DATE
> Task :shared:assembleWasmJsMainResources UP-TO-DATE
> Task :webApp:unpackSkikoWasmRuntime UP-TO-DATE
> Task :shared:wasmJsCopyHierarchicalMultiplatformResources UP-TO-DATE
> Task :webApp:processSkikoRuntimeForKWasm UP-TO-DATE
> Task :shared:wasmJsPackageJson UP-TO-DATE
> Task :shared:wasmJsZipMultiplatformResourcesForPublication UP-TO-DATE
> Task :webApp:wasmJsResolveResourcesFromDependencies UP-TO-DATE
> Task :shared:wasmJsTestPackageJson UP-TO-DATE
> Task :webApp:wasmJsPackageJson UP-TO-DATE
> Task :webApp:wasmJsAggregateResources UP-TO-DATE
> Task :webApp:wasmJsTestPackageJson UP-TO-DATE
> Task :webApp:wasmJsProcessResources UP-TO-DATE
> Task :shared:wasmJsPublicPackageJson UP-TO-DATE
> Task :webApp:wasmJsPublicPackageJson UP-TO-DATE
> Task :webApp:wasmJsTestPublicPackageJson UP-TO-DATE
> Task :shared:wasmJsTestPublicPackageJson UP-TO-DATE
> Task :kotlinWasmPackageJsonUmbrella UP-TO-DATE
> Task :wasmRootPackageJson UP-TO-DATE
> Task :kotlinWasmNodeJsSetup UP-TO-DATE
> Task :kotlinWasmYarnSetup UP-TO-DATE
> Task :kotlinWasmNpmInstall UP-TO-DATE
> Task :kotlinWasmStoreYarnLock UP-TO-DATE
> Task :kotlinWasmToolingSetup UP-TO-DATE
> Task :webApp:compileKotlinWasmJs
> Task :webApp:wasmJsMainClasses
> Task :webApp:compileDevelopmentExecutableKotlinWasmJs
> Task :webApp:wasmJsDevelopmentExecutableCompileSync

> Task :webApp:wasmJsBrowserDevelopmentRun
<i> [webpack-dev-server] Project is running at:
<i> [webpack-dev-server] Loopback: http://localhost:8082/, http://[::1]:8082/
<i> [webpack-dev-server] On Your Network (IPv4): http://192.168.56.1:8082/
<i> [webpack-dev-server] Content not from webpack is served from 'C:\vibecoding\KuzeyKapisiApp\build\wasm\packages\KuzeyKapisiApp-webApp\kotlin, C:\vibecoding\KuzeyKapisiApp\webApp\build\processedResources\wasmJs\main, C:\vibecoding\KuzeyKapisiApp' directory
Critical dependency: the request of a dependency is an expression
asset cb4f9f02b5fa6b726de0.wasm 27.2 MiB [emitted] [immutable] [from: kotlin/KuzeyKapisiApp-webApp.wasm] (auxiliary name: main)
asset 6e23e5428398b92da386.wasm 8.25 MiB [emitted] [immutable] [from: kotlin/skiko.wasm] (auxiliary name: main)
asset webApp.js 3.87 MiB [emitted] (name: main)
runtime modules 30.1 KiB 13 modules
javascript modules 1.45 MiB
  modules by path ../../ 506 KiB
    modules by path ../../../../../../Users/dkadi/.kotlin/kotlin-npm-tooling/yarn/e49be039833f93cd83...(truncated) 90.2 KiB 8 modules
    modules by path ../../../../../../Users/dkadi/.kotlin/kotlin-npm-tooling/yarn/e49be039833f93cd83...(truncated) 5.17 KiB 4 modules
    + 3 modules
  modules by path ./kotlin/ 980 KiB
    modules by path ./kotlin/*.mjs 974 KiB
      modules with warnings 471 KiB [true warnings] 2 modules
      + 2 modules
    ./kotlin/custom-formatters.js 5.06 KiB [built] [code generated]
    ./kotlin/ lazy strict namespace object 160 bytes [built] [code generated]
asset modules 35.5 MiB (asset) 84 bytes (javascript)
  ./kotlin/KuzeyKapisiApp-webApp.wasm 27.2 MiB (asset) 42 bytes (javascript) [built] [code generated]
  ./kotlin/skiko.wasm 8.25 MiB (asset) 42 bytes (javascript) [built] [code generated]
webpack 5.101.3 compiled with 1 warning in 1446 ms
Critical dependency: the request of a dependency is an expression
assets by status 8.25 MiB [cached] 1 asset
assets by info 27.3 MiB [immutable]
  asset 5e93d8fb794fb76397ea.wasm 27.3 MiB [emitted] [immutable] [from: kotlin/KuzeyKapisiApp-webApp.wasm] [hmr] (name: main) (auxiliary name: main)
  asset main.c3dc942a3e3e1bc9d851.hot-update.js 1.16 KiB [emitted] [immutable] [hmr] (name: main)
  asset main.c3dc942a3e3e1bc9d851.hot-update.json 28 bytes [emitted] [immutable] [hmr]
<i> [webpack-dev-middleware] wait until bundle finished: /main.c3dc942a3e3e1bc9d851.hot-update.json
asset webApp.js 3.87 MiB [emitted] (name: main)
Entrypoint main 31.2 MiB (35.6 MiB) = webApp.js 3.87 MiB main.c3dc942a3e3e1bc9d851.hot-update.js 1.16 KiB 5e93d8fb794fb76397ea.wasm 27.3 MiB 2 auxiliary assets
cached modules 1.45 MiB (javascript) 8.25 MiB (asset) [cached] 21 modules
runtime modules 30.1 KiB 13 modules
modules by layer 27.3 MiB (asset) 202 bytes (javascript)
  ./kotlin/KuzeyKapisiApp-webApp.wasm 27.3 MiB (asset) 42 bytes (javascript) [built] [code generated]
  ./kotlin/ lazy strict namespace object 160 bytes [built]
webpack 5.101.3 compiled with 1 warning in 903 ms
Critical dependency: the request of a dependency is an expression
assets by status 39.5 MiB [cached] 3 assets
cached modules 1.45 MiB (javascript) 8.25 MiB (asset) 30.1 KiB (runtime) [cached] 35 modules
./kotlin/KuzeyKapisiApp-webApp.wasm 27.3 MiB (asset) 42 bytes (javascript) [built]
webpack 5.101.3 compiled with 1 warning in 250 ms
assets by status 35.6 MiB [cached] 2 assets
Critical dependency: the request of a dependency is an expression
assets by path . 5 MiB
  asset webApp.js 3.87 MiB [emitted] (name: main)
  asset main.b43eb48bb10906349979.hot-update.js 1.12 MiB [emitted] [immutable] [hmr] (name: main)
  asset main.b43eb48bb10906349979.hot-update.json 28 bytes [emitted] [immutable] [hmr]
Entrypoint main 5 MiB (35.6 MiB) = webApp.js 3.87 MiB main.b43eb48bb10906349979.hot-update.js 1.12 MiB 2 auxiliary assets
cached modules 1020 KiB (javascript) 35.6 MiB (asset) [cached] 21 modules
runtime modules 30.1 KiB 13 modules
javascript modules 469 KiB
  ./kotlin/KuzeyKapisiApp-webApp.import-object.mjs 469 KiB [built] [code generated] [1 warning]
  ./kotlin/ lazy strict namespace object 160 bytes [built]
webpack 5.101.3 compiled with 1 warning in 1151 ms
Critical dependency: the request of a dependency is an expression
assets by status 8.25 MiB [cached] 1 asset
assets by info 27.4 MiB [immutable]
  asset 229cb5442e16b58e9526.wasm 27.4 MiB [emitted] [immutable] [from: kotlin/KuzeyKapisiApp-webApp.wasm] [hmr] (name: main) (auxiliary name: main)
  asset main.230f7863ab7a1b374fdd.hot-update.js 1.16 KiB [emitted] [immutable] [hmr] (name: main)
  asset main.230f7863ab7a1b374fdd.hot-update.json 28 bytes [emitted] [immutable] [hmr]
asset webApp.js 3.87 MiB [emitted] (name: main)
Entrypoint main 31.2 MiB (35.6 MiB) = webApp.js 3.87 MiB main.230f7863ab7a1b374fdd.hot-update.js 1.16 KiB 229cb5442e16b58e9526.wasm 27.4 MiB 2 auxiliary assets
cached modules 1.45 MiB (javascript) 8.25 MiB (asset) [cached] 22 modules
runtime modules 30.1 KiB 13 modules
./kotlin/KuzeyKapisiApp-webApp.wasm 27.4 MiB (asset) 42 bytes (javascript) [built] [code generated]
webpack 5.101.3 compiled with 1 warning in 488 ms

Timed out waiting for finished message from client socket connection from /127.0.0.1:55699 to /127.0.0.1:53251. Discarding connection.
Daemon will be stopped at the end of the build stop command received
